// Jest Snapshot v1, https://goo.gl/fbAQLP

exports[`Prueba en CategoryAdd.js Debe: Retornar componente < CategoryAdd /> 1`] = `
<form
  onSubmit={[Function]}
>
  <p />
  <input
    onChange={[Function]}
    type="text"
    value=""
  />
</form>
`;
